definitions = "definition.csv"
provinces = "provinces.png"
rivers = "rivers.png"
topology = "heightmap.heightmap"
continent = "continent.txt"
adjacencies = "adjacencies.csv"
island_region = "island_region.txt"
seasons = "seasons.txt"

# --- Legacy of Valyria Compatch: zusammengefuehrte Sonderprovinzen ---
# Wasser, das an AGOTs neue Regionen grenzt, behaelt AGOTs Einstufung;
# Wasser an LoV-Land behaelt LoVs. Sonst gilt AGOT.

sea_zones = RANGE { 2958 2960 }
sea_zones = RANGE { 6167 6497 }
sea_zones = RANGE { 6621 7128 }
# Update auf die 0.5.1 Regionen im Delta
sea_zones = RANGE { 7151 7163 }
sea_zones = RANGE { 7164 7241 }
sea_zones = RANGE { 7249 7257 }
sea_zones = RANGE { 8208 8218 }
sea_zones = RANGE { 8227 8231 }
sea_zones = RANGE { 11745 11756 }
sea_zones = LIST { 6619 7246 }

impassable_seas = RANGE { 6621 6646 }
impassable_seas = RANGE { 6653 6663 }
impassable_seas = RANGE { 6685 6758 }
impassable_seas = RANGE { 6767 6780 }
impassable_seas = RANGE { 6804 6889 }
impassable_seas = RANGE { 7164 7241 }
impassable_seas = RANGE { 7249 7257 }
impassable_seas = RANGE { 8227 8231 }
impassable_seas = RANGE { 11746 11756 }
impassable_seas = LIST { 2958 2960 6619 7246 8208 8214 8217 }

river_provinces = RANGE { 6498 6598 }
river_provinces = RANGE { 7129 7150 }
river_provinces = RANGE { 7242 7245 }
river_provinces = RANGE { 7269 7279 }
river_provinces = RANGE { 8201 8207 }
river_provinces = RANGE { 8580 8582 }

lakes = RANGE { 6599 6618 }
lakes = RANGE { 8550 8556 }
lakes = RANGE { 8989 8995 }
lakes = RANGE { 9395 9400 }
lakes = LIST { 7247 7248 7258 8583 }

impassable_mountains = RANGE { 2224 2250 }
impassable_mountains = RANGE { 6100 6166 }
impassable_mountains = RANGE { 8557 8579 }
impassable_mountains = RANGE { 8673 8677 }
impassable_mountains = RANGE { 9389 9394 }
impassable_mountains = LIST { 6620 7267 7268 8988 11743 11744 }

impassable_mountains = RANGE { 10207 10213 }
