definitions = "definition.csv"
provinces = "provinces.png"
rivers = "rivers.png"
topology = "heightmap.heightmap"
continent = "continent.txt"
adjacencies = "adjacencies.csv"
island_region = "island_region.txt"
seasons = "seasons.txt"



# The Summer Sea Zones




# Vasyugys to Western Valyria Sea Zones




# Valyrian Seas






# Rhoyne and Volantis


# Braavosi Shore-Lorath Bay Sea Zones









# Northern Seas





# Summer Sea near New Ghis (6676 - 6677)


# Summer Sea near Summer Isles


# Indigo Straits


# Straits of Summer


# Summer Sea



# Summer Sea near Naath


# Basilisk Isles







#impassable_seas = RANGE { 6997  7062 }



# New Ghis (6987 - 6994)

#sea_zones = RANGE { 6995  7128 }

# Qhoyne (7129 - 7134)
# Rhoyne (7135 - 7139) (7148 - 7163)
# Upper Rhoyne (7140 - 7147)



# Noyne (8201 - 8207)

# Darkwash (7269 - 7270)


# Introduced by AGOT 0.4.9


# Noyne


# Hazdahn River (Meereen)



# impassable_seas = RANGE { 7249  7257 }

#impassable_seas = RANGE { 7271  7272 }








#impassable_mountains = LIST { 8120 }



# Slaver's Bay
#impassable_mountains = LIST { 8374 }

# Valyria



# Bleeding Sea


# The Blackwater - The God's Eye (6498 - 6516)
# The Trident - The Red Fork (6517 - 6534)
# The Trident - The Blue Fork (6522 - 6543)
# The Green Fork (6544 - 6560)
# The White Knife (6561 - 6570)
# The Mander (6571 - 6584)
# The Greenblood (6585 - 6595)


# Essosi Shores +Ulthosi/Asshaian Sea




## Seas added by AGOT 0.4
# Some Slaver's Bay sea (8209)
# Some sea near Talon (8210)
# Some sea near Moraq (8211)
# Some sea near Lokiria (8212)
# Some sea along Valyria (8213)
# Some giant summer sea tile (8215)
# Some sea between Lokiria and the Lands of the Long Summer (8216)
# Some sea near the southwestern shore of Valyria (8218)


# Some sea off the edge of Jhogos Nhai (8208)
# Some sea along Ulthos (8214)
# Some sea along the edge of the border of Qarth and New Ghis (8217)


## Sothoryos
# Western Coast

# --- REFACTORED MAP TYPES ---

# --- REFACTORED MAP TYPES ---
sea_zones = LIST { 2959 6162 6163 }
sea_zones = RANGE { 6167 6497 }
sea_zones = RANGE { 6647 6652 }
sea_zones = RANGE { 6664 6684 }
sea_zones = RANGE { 6781 6785 }
sea_zones = RANGE { 6890 7128 }
sea_zones = RANGE { 7141 7163 }
sea_zones = LIST { 7271 }
sea_zones = RANGE { 7273 7279 }
sea_zones = RANGE { 8209 8213 }
sea_zones = LIST { 8215 8216 8218 10934 }
river_provinces = RANGE { 6498 6598 }
river_provinces = RANGE { 7129 7134 }
river_provinces = RANGE { 7139 7163 }
river_provinces = RANGE { 7242 7245 }
river_provinces = LIST { 7269 7270 }
river_provinces = RANGE { 8203 8207 }
lakes = RANGE { 6599 6618 }
lakes = LIST { 7247 7248 7258 10931 10932 }
impassable_seas = LIST { 2958 2960 6619 }
impassable_seas = RANGE { 6621 6646 }
impassable_seas = RANGE { 6653 6663 }
impassable_seas = RANGE { 6685 6780 }
impassable_seas = RANGE { 6786 6889 }
impassable_seas = RANGE { 7135 7138 }
impassable_seas = RANGE { 7164 7241 }
impassable_seas = LIST { 7246 }
impassable_seas = RANGE { 7249 7257 }
impassable_seas = LIST { 7272 }
impassable_seas = RANGE { 7277 7279 }
impassable_seas = LIST { 8201 8202 8208 8214 8217 }
impassable_seas = RANGE { 8227 8231 }
impassable_seas = RANGE { 10935 10945 }
impassable_mountains = RANGE { 2224 2250 }
impassable_mountains = RANGE { 6100 6166 }
impassable_mountains = LIST { 6620 7267 7268 10930 10933 }
